// Jest Snapshot v1, https://goo.gl/fbAQLP

exports[`Board renders Board 1`] = `
Object {
  "asFragment": [Function],
  "baseElement": <body>
    <div>
      <div
        id="diagram-container"
        style="flex-grow: 1; position: relative;"
        tabindex="1"
      >
        <div
          class="MuiBox-root css-15c3828"
        >
          <button
            class="MuiButtonBase-root MuiIconButton-root MuiIconButton-sizeMedium css-rddflc-MuiButtonBase-root-MuiIconButton-root"
            tabindex="0"
            type="button"
          >
            <span />
            <span
              class="MuiTouchRipple-root css-8je8zh-MuiTouchRipple-root"
            />
          </button>
          <button
            class="MuiButtonBase-root MuiIconButton-root MuiIconButton-sizeMedium css-rddflc-MuiButtonBase-root-MuiIconButton-root"
            tabindex="0"
            type="button"
          >
            <span />
            <span
              class="MuiTouchRipple-root css-8je8zh-MuiTouchRipple-root"
            />
          </button>
          <button
            class="MuiButtonBase-root MuiIconButton-root MuiIconButton-sizeMedium css-rddflc-MuiButtonBase-root-MuiIconButton-root"
            tabindex="0"
            type="button"
          >
            <span />
            <span
              class="MuiTouchRipple-root css-8je8zh-MuiTouchRipple-root"
            />
          </button>
          <button
            class="MuiButtonBase-root MuiIconButton-root MuiIconButton-sizeMedium css-rddflc-MuiButtonBase-root-MuiIconButton-root"
            tabindex="0"
            type="button"
          >
            <span />
            <span
              class="MuiTouchRipple-root css-8je8zh-MuiTouchRipple-root"
            />
          </button>
        </div>
        <div
          class="loading"
        >
          <div />
          <div />
          <div />
          <div />
        </div>
        <div
          class="active-users-overlay"
        >
          <div
            class="active-user-item"
            style="background-color: rgb(0, 170, 85); border: 2px solid; border-color: #00aa55;"
            title="Joakim"
          >
            <img
              alt=""
              src="https://lh3.googleusercontent.com/a-/AOh14GgdymGKjsQ_o2qinWiQHaCV_iUcAkvv29JVOAcy=s96-c"
              width="42"
            />
          </div>
        </div>
      </div>
    </div>
  </body>,
  "container": <div>
    <div
      id="diagram-container"
      style="flex-grow: 1; position: relative;"
      tabindex="1"
    >
      <div
        class="MuiBox-root css-15c3828"
      >
        <button
          class="MuiButtonBase-root MuiIconButton-root MuiIconButton-sizeMedium css-rddflc-MuiButtonBase-root-MuiIconButton-root"
          tabindex="0"
          type="button"
        >
          <span />
          <span
            class="MuiTouchRipple-root css-8je8zh-MuiTouchRipple-root"
          />
        </button>
        <button
          class="MuiButtonBase-root MuiIconButton-root MuiIconButton-sizeMedium css-rddflc-MuiButtonBase-root-MuiIconButton-root"
          tabindex="0"
          type="button"
        >
          <span />
          <span
            class="MuiTouchRipple-root css-8je8zh-MuiTouchRipple-root"
          />
        </button>
        <button
          class="MuiButtonBase-root MuiIconButton-root MuiIconButton-sizeMedium css-rddflc-MuiButtonBase-root-MuiIconButton-root"
          tabindex="0"
          type="button"
        >
          <span />
          <span
            class="MuiTouchRipple-root css-8je8zh-MuiTouchRipple-root"
          />
        </button>
        <button
          class="MuiButtonBase-root MuiIconButton-root MuiIconButton-sizeMedium css-rddflc-MuiButtonBase-root-MuiIconButton-root"
          tabindex="0"
          type="button"
        >
          <span />
          <span
            class="MuiTouchRipple-root css-8je8zh-MuiTouchRipple-root"
          />
        </button>
      </div>
      <div
        class="loading"
      >
        <div />
        <div />
        <div />
        <div />
      </div>
      <div
        class="active-users-overlay"
      >
        <div
          class="active-user-item"
          style="background-color: rgb(0, 170, 85); border: 2px solid; border-color: #00aa55;"
          title="Joakim"
        >
          <img
            alt=""
            src="https://lh3.googleusercontent.com/a-/AOh14GgdymGKjsQ_o2qinWiQHaCV_iUcAkvv29JVOAcy=s96-c"
            width="42"
          />
        </div>
      </div>
    </div>
  </div>,
  "debug": [Function],
  "findAllByAltText": [Function],
  "findAllByDisplayValue": [Function],
  "findAllByLabelText": [Function],
  "findAllByPlaceholderText": [Function],
  "findAllByRole": [Function],
  "findAllByTestId": [Function],
  "findAllByText": [Function],
  "findAllByTitle": [Function],
  "findByAltText": [Function],
  "findByDisplayValue": [Function],
  "findByLabelText": [Function],
  "findByPlaceholderText": [Function],
  "findByRole": [Function],
  "findByTestId": [Function],
  "findByText": [Function],
  "findByTitle": [Function],
  "getAllByAltText": [Function],
  "getAllByDisplayValue": [Function],
  "getAllByLabelText": [Function],
  "getAllByPlaceholderText": [Function],
  "getAllByRole": [Function],
  "getAllByTestId": [Function],
  "getAllByText": [Function],
  "getAllByTitle": [Function],
  "getByAltText": [Function],
  "getByDisplayValue": [Function],
  "getByLabelText": [Function],
  "getByPlaceholderText": [Function],
  "getByRole": [Function],
  "getByTestId": [Function],
  "getByText": [Function],
  "getByTitle": [Function],
  "queryAllByAltText": [Function],
  "queryAllByDisplayValue": [Function],
  "queryAllByLabelText": [Function],
  "queryAllByPlaceholderText": [Function],
  "queryAllByRole": [Function],
  "queryAllByTestId": [Function],
  "queryAllByText": [Function],
  "queryAllByTitle": [Function],
  "queryByAltText": [Function],
  "queryByDisplayValue": [Function],
  "queryByLabelText": [Function],
  "queryByPlaceholderText": [Function],
  "queryByRole": [Function],
  "queryByTestId": [Function],
  "queryByText": [Function],
  "queryByTitle": [Function],
  "rerender": [Function],
  "unmount": [Function],
}
`;
